START v001_soft3_shared seed=1 main=caption-pair val-only auxiliary_train_images_only
Epoch[1] Iter[1/212] loss=0.50767 ret=0.50767 shared=0.05820 decor=0.00000 supports=62 pids=314 skip=True
Epoch[1] Iter[11/212] loss=0.43127 ret=0.43122 shared=0.05477 decor=0.02755 supports=64 pids=317 skip=False
Epoch[1] Iter[21/212] loss=0.40184 ret=0.40173 shared=0.05865 decor=0.03896 supports=63 pids=312 skip=False
Epoch[1] Iter[31/212] loss=0.43534 ret=0.43517 shared=0.06017 decor=0.04300 supports=59 pids=314 skip=False
Epoch[1] Iter[41/212] loss=0.46940 ret=0.46916 shared=0.06335 decor=0.05135 supports=60 pids=317 skip=False
Epoch[1] Iter[51/212] loss=0.49181 ret=0.49151 shared=0.06501 decor=0.06033 supports=62 pids=316 skip=False
Epoch[1] Iter[61/212] loss=0.58667 ret=0.58630 shared=0.06515 decor=0.06129 supports=63 pids=317 skip=False
Epoch[1] Iter[71/212] loss=0.64605 ret=0.64562 shared=0.06507 decor=0.04449 supports=58 pids=315 skip=False
Epoch[1] Iter[81/212] loss=0.62339 ret=0.62289 shared=0.06626 decor=0.03945 supports=63 pids=316 skip=False
Epoch[1] Iter[91/212] loss=0.79700 ret=0.79642 shared=0.06816 decor=0.03624 supports=60 pids=314 skip=False
Epoch[1] Iter[101/212] loss=0.68929 ret=0.68859 shared=0.07352 decor=0.04462 supports=62 pids=318 skip=False
Epoch[1] Iter[111/212] loss=0.81816 ret=0.81750 shared=0.06315 decor=0.05784 supports=64 pids=316 skip=False
Epoch[1] Iter[121/212] loss=0.98535 ret=0.98457 shared=0.06890 decor=0.08031 supports=64 pids=316 skip=False
Epoch[1] Iter[131/212] loss=0.94269 ret=0.94189 shared=0.06557 decor=0.07652 supports=62 pids=314 skip=False
Epoch[1] Iter[141/212] loss=1.06314 ret=1.06227 shared=0.06617 decor=0.09497 supports=64 pids=315 skip=False
Epoch[1] Iter[151/212] loss=1.20332 ret=1.20241 shared=0.06497 decor=0.10525 supports=63 pids=315 skip=False
Epoch[1] Iter[161/212] loss=1.09832 ret=1.09733 shared=0.06532 decor=0.11889 supports=62 pids=316 skip=False
Epoch[1] Iter[171/212] loss=1.28547 ret=1.28448 shared=0.06124 decor=0.11184 supports=62 pids=314 skip=False
Epoch[1] Iter[181/212] loss=1.35277 ret=1.35169 shared=0.06330 decor=0.08929 supports=62 pids=316 skip=False
Epoch[1] Iter[191/212] loss=1.35718 ret=1.35601 shared=0.06524 decor=0.10881 supports=63 pids=314 skip=False
Epoch[1] Iter[201/212] loss=1.53148 ret=1.53030 shared=0.06260 decor=0.12529 supports=63 pids=313 skip=False
Epoch[1] Iter[211/212] loss=1.56305 ret=1.56182 shared=0.06166 decor=0.15735 supports=61 pids=318 skip=False
Epoch[1] Iter[212/212] loss=1.70169 ret=1.70056 shared=0.05649 decor=0.14145 supports=61 pids=315 skip=False
VALIDATION 1 {'r1': 72.26371765136719, 'r5': 88.38908386230469, 'r10': 92.67619323730469, 'r_mean': 84.44299825032552, 'mAP': 65.15359497070312} BEST {'r1': 72.26371765136719, 'r5': 88.38908386230469, 'r10': 92.67619323730469, 'r_mean': 84.44299825032552, 'mAP': 65.15359497070312, 'epoch': 1}
Epoch[2] Iter[1/212] loss=1.74318 ret=1.74193 shared=0.06274 decor=0.14059 supports=63 pids=314 skip=False
Epoch[2] Iter[11/212] loss=1.68679 ret=1.68551 shared=0.06144 decor=0.10638 supports=64 pids=315 skip=False
Epoch[2] Iter[21/212] loss=1.68376 ret=1.68249 shared=0.06215 decor=0.02666 supports=64 pids=317 skip=False
Epoch[2] Iter[31/212] loss=1.49058 ret=1.48945 shared=0.05536 decor=0.01371 supports=62 pids=314 skip=False
Epoch[2] Iter[41/212] loss=1.63671 ret=1.63539 shared=0.06486 decor=0.00828 supports=63 pids=314 skip=False
Epoch[2] Iter[51/212] loss=1.64895 ret=1.64766 shared=0.06350 decor=0.00816 supports=63 pids=317 skip=False
Epoch[2] Iter[61/212] loss=1.58814 ret=1.58693 shared=0.05804 decor=0.01619 supports=59 pids=313 skip=False
Epoch[2] Iter[71/212] loss=1.50685 ret=1.50556 shared=0.06323 decor=0.00897 supports=63 pids=316 skip=False
Epoch[2] Iter[81/212] loss=1.57793 ret=1.57681 shared=0.05492 decor=0.00529 supports=63 pids=313 skip=False
Epoch[2] Iter[91/212] loss=1.57986 ret=1.57855 shared=0.06405 decor=0.00738 supports=63 pids=314 skip=False
Epoch[2] Iter[101/212] loss=1.62925 ret=1.62801 shared=0.06104 decor=0.00418 supports=62 pids=313 skip=False
Epoch[2] Iter[111/212] loss=1.58926 ret=1.58802 shared=0.06021 decor=0.00767 supports=63 pids=313 skip=False
Epoch[2] Iter[121/212] loss=1.57273 ret=1.57148 shared=0.06083 decor=0.00577 supports=62 pids=317 skip=False
Epoch[2] Iter[131/212] loss=1.60609 ret=1.60480 shared=0.06115 decor=0.01116 supports=63 pids=310 skip=False
Epoch[2] Iter[141/212] loss=1.57984 ret=1.57844 shared=0.06666 decor=0.01036 supports=62 pids=317 skip=False
Epoch[2] Iter[151/212] loss=1.59902 ret=1.59772 shared=0.06216 decor=0.00829 supports=61 pids=314 skip=False
Epoch[2] Iter[161/212] loss=1.68123 ret=1.67998 shared=0.06021 decor=0.00626 supports=64 pids=314 skip=False
Epoch[2] Iter[171/212] loss=1.64159 ret=1.64027 shared=0.06340 decor=0.00665 supports=61 pids=314 skip=False
Epoch[2] Iter[181/212] loss=1.59249 ret=1.59124 shared=0.06014 decor=0.00587 supports=64 pids=314 skip=False
Epoch[2] Iter[191/212] loss=1.63881 ret=1.63761 shared=0.05829 decor=0.00398 supports=63 pids=313 skip=False
Epoch[2] Iter[201/212] loss=1.58305 ret=1.58182 shared=0.05789 decor=0.00789 supports=64 pids=313 skip=False
Epoch[2] Iter[211/212] loss=1.50106 ret=1.49989 shared=0.05627 decor=0.00417 supports=60 pids=317 skip=False
Epoch[2] Iter[212/212] loss=1.60898 ret=1.60773 shared=0.06127 decor=0.00313 supports=64 pids=319 skip=False
VALIDATION 2 {'r1': 72.06884765625, 'r5': 88.21045684814453, 'r10': 92.56251525878906, 'r_mean': 84.28060658772786, 'mAP': 64.89080047607422} BEST {'r1': 72.26371765136719, 'r5': 88.38908386230469, 'r10': 92.67619323730469, 'r_mean': 84.44299825032552, 'mAP': 65.15359497070312, 'epoch': 1}
Epoch[3] Iter[1/212] loss=1.46382 ret=1.46253 shared=0.06035 decor=0.00837 supports=62 pids=316 skip=False
Epoch[3] Iter[11/212] loss=1.48630 ret=1.48507 shared=0.05899 decor=0.00542 supports=62 pids=315 skip=False
Epoch[3] Iter[21/212] loss=1.56036 ret=1.55903 shared=0.06153 decor=0.01024 supports=62 pids=314 skip=False
Epoch[3] Iter[31/212] loss=1.51813 ret=1.51692 shared=0.05859 decor=0.00430 supports=63 pids=318 skip=False
Epoch[3] Iter[41/212] loss=1.48708 ret=1.48577 shared=0.06478 decor=0.00210 supports=63 pids=318 skip=False
Epoch[3] Iter[51/212] loss=1.47432 ret=1.47295 shared=0.06569 decor=0.00574 supports=64 pids=315 skip=False
Epoch[3] Iter[61/212] loss=1.43776 ret=1.43638 shared=0.06705 decor=0.00401 supports=64 pids=319 skip=False
Epoch[3] Iter[71/212] loss=1.43104 ret=1.42955 shared=0.07075 decor=0.00732 supports=63 pids=316 skip=False
Epoch[3] Iter[81/212] loss=1.45501 ret=1.45379 shared=0.05851 decor=0.00517 supports=62 pids=319 skip=False
Epoch[3] Iter[91/212] loss=1.51902 ret=1.51776 shared=0.06037 decor=0.00595 supports=62 pids=313 skip=False
Epoch[3] Iter[101/212] loss=1.50599 ret=1.50469 shared=0.06276 decor=0.00422 supports=61 pids=315 skip=False
Epoch[3] Iter[111/212] loss=1.44763 ret=1.44640 shared=0.05981 decor=0.00415 supports=62 pids=319 skip=False
Epoch[3] Iter[121/212] loss=1.49226 ret=1.49097 shared=0.06222 decor=0.00496 supports=63 pids=313 skip=False
Epoch[3] Iter[131/212] loss=1.50692 ret=1.50568 shared=0.05952 decor=0.00520 supports=63 pids=316 skip=False
Epoch[3] Iter[141/212] loss=1.45146 ret=1.45030 shared=0.05623 decor=0.00374 supports=61 pids=312 skip=False
Epoch[3] Iter[151/212] loss=1.40122 ret=1.40005 shared=0.05685 decor=0.00349 supports=62 pids=314 skip=False
Epoch[3] Iter[161/212] loss=1.48999 ret=1.48879 shared=0.05647 decor=0.00684 supports=63 pids=314 skip=False
Epoch[3] Iter[171/212] loss=1.46567 ret=1.46443 shared=0.06124 decor=0.00161 supports=64 pids=316 skip=False
Epoch[3] Iter[181/212] loss=1.34287 ret=1.34156 shared=0.06112 decor=0.00791 supports=64 pids=317 skip=False
Epoch[3] Iter[191/212] loss=1.44543 ret=1.44414 shared=0.06283 decor=0.00346 supports=62 pids=315 skip=False
Epoch[3] Iter[201/212] loss=1.46735 ret=1.46597 shared=0.06518 decor=0.00772 supports=64 pids=317 skip=False
Epoch[3] Iter[211/212] loss=1.42241 ret=1.42112 shared=0.06264 decor=0.00385 supports=60 pids=318 skip=False
Epoch[3] Iter[212/212] loss=1.39626 ret=1.39494 shared=0.06418 decor=0.00370 supports=64 pids=315 skip=False
VALIDATION 3 {'r1': 71.85774230957031, 'r5': 88.01558685302734, 'r10': 92.28645324707031, 'r_mean': 84.05326080322266, 'mAP': 64.50299835205078} BEST {'r1': 72.26371765136719, 'r5': 88.38908386230469, 'r10': 92.67619323730469, 'r_mean': 84.44299825032552, 'mAP': 65.15359497070312, 'epoch': 1}
Epoch[4] Iter[1/212] loss=1.33182 ret=1.33053 shared=0.06151 decor=0.00608 supports=63 pids=319 skip=False
Epoch[4] Iter[11/212] loss=1.36937 ret=1.36819 shared=0.05826 decor=0.00152 supports=61 pids=312 skip=False
Epoch[4] Iter[21/212] loss=1.34579 ret=1.34450 shared=0.06066 decor=0.00698 supports=63 pids=315 skip=False
Epoch[4] Iter[31/212] loss=1.39682 ret=1.39554 shared=0.06252 decor=0.00308 supports=60 pids=315 skip=False
Epoch[4] Iter[41/212] loss=1.38770 ret=1.38644 shared=0.06177 decor=0.00296 supports=64 pids=317 skip=False
Epoch[4] Iter[51/212] loss=1.41722 ret=1.41589 shared=0.06535 decor=0.00221 supports=64 pids=317 skip=False
Epoch[4] Iter[61/212] loss=1.37392 ret=1.37264 shared=0.05911 decor=0.00939 supports=63 pids=317 skip=False
Epoch[4] Iter[71/212] loss=1.36256 ret=1.36124 shared=0.06292 decor=0.00580 supports=64 pids=315 skip=False
Epoch[4] Iter[81/212] loss=1.40689 ret=1.40556 shared=0.06497 decor=0.00338 supports=64 pids=315 skip=False
Epoch[4] Iter[91/212] loss=1.40977 ret=1.40851 shared=0.05921 decor=0.00750 supports=64 pids=315 skip=False
Epoch[4] Iter[101/212] loss=1.41728 ret=1.41595 shared=0.06344 decor=0.00648 supports=63 pids=315 skip=False
Epoch[4] Iter[111/212] loss=1.39855 ret=1.39725 shared=0.06220 decor=0.00608 supports=63 pids=316 skip=False
Epoch[4] Iter[121/212] loss=1.32971 ret=1.32845 shared=0.06203 decor=0.00148 supports=62 pids=315 skip=False
Epoch[4] Iter[131/212] loss=1.42822 ret=1.42690 shared=0.06460 decor=0.00229 supports=60 pids=314 skip=False
Epoch[4] Iter[141/212] loss=1.41317 ret=1.41177 shared=0.06740 decor=0.00489 supports=61 pids=315 skip=False
Epoch[4] Iter[151/212] loss=1.38853 ret=1.38726 shared=0.06099 decor=0.00432 supports=63 pids=317 skip=False
Epoch[4] Iter[161/212] loss=1.44248 ret=1.44114 shared=0.06522 decor=0.00280 supports=63 pids=318 skip=False
Epoch[4] Iter[171/212] loss=1.44831 ret=1.44688 shared=0.07060 decor=0.00164 supports=63 pids=319 skip=False
Epoch[4] Iter[181/212] loss=1.47523 ret=1.47391 shared=0.06383 decor=0.00404 supports=62 pids=310 skip=False
Epoch[4] Iter[191/212] loss=1.45644 ret=1.45512 shared=0.06419 decor=0.00396 supports=62 pids=317 skip=False
Epoch[4] Iter[201/212] loss=1.47514 ret=1.47382 shared=0.06457 decor=0.00298 supports=63 pids=313 skip=False
Epoch[4] Iter[211/212] loss=1.47923 ret=1.47794 shared=0.06160 decor=0.00484 supports=62 pids=319 skip=False
Epoch[4] Iter[212/212] loss=1.48246 ret=1.48117 shared=0.06355 decor=0.00188 supports=61 pids=316 skip=False
VALIDATION 4 {'r1': 71.85774230957031, 'r5': 88.11302185058594, 'r10': 92.23773956298828, 'r_mean': 84.06950124104817, 'mAP': 64.49919128417969} BEST {'r1': 72.26371765136719, 'r5': 88.38908386230469, 'r10': 92.67619323730469, 'r_mean': 84.44299825032552, 'mAP': 65.15359497070312, 'epoch': 1}
Epoch[5] Iter[1/212] loss=1.36532 ret=1.36405 shared=0.06189 decor=0.00295 supports=63 pids=319 skip=False
Epoch[5] Iter[11/212] loss=1.36376 ret=1.36259 shared=0.05703 decor=0.00315 supports=63 pids=318 skip=False
Epoch[5] Iter[21/212] loss=1.40693 ret=1.40572 shared=0.05841 decor=0.00440 supports=62 pids=311 skip=False
Epoch[5] Iter[31/212] loss=1.44884 ret=1.44757 shared=0.06269 decor=0.00195 supports=63 pids=314 skip=False
Epoch[5] Iter[41/212] loss=1.37003 ret=1.36866 shared=0.06624 decor=0.00387 supports=62 pids=316 skip=False
Epoch[5] Iter[51/212] loss=1.39148 ret=1.39016 shared=0.06303 decor=0.00582 supports=63 pids=318 skip=False
Epoch[5] Iter[61/212] loss=1.42664 ret=1.42527 shared=0.06550 decor=0.00558 supports=62 pids=316 skip=False
Epoch[5] Iter[71/212] loss=1.39171 ret=1.39025 shared=0.06954 decor=0.00694 supports=62 pids=317 skip=False
Epoch[5] Iter[81/212] loss=1.56600 ret=1.56474 shared=0.06082 decor=0.00435 supports=58 pids=316 skip=False
Epoch[5] Iter[91/212] loss=1.47343 ret=1.47213 shared=0.06366 decor=0.00216 supports=62 pids=313 skip=False
Epoch[5] Iter[101/212] loss=1.40470 ret=1.40346 shared=0.06083 decor=0.00253 supports=60 pids=316 skip=False
Epoch[5] Iter[111/212] loss=1.43549 ret=1.43408 shared=0.06690 decor=0.00769 supports=64 pids=314 skip=False
Epoch[5] Iter[121/212] loss=1.51176 ret=1.51040 shared=0.06709 decor=0.00135 supports=62 pids=317 skip=False
Epoch[5] Iter[131/212] loss=1.40696 ret=1.40552 shared=0.06868 decor=0.00668 supports=61 pids=319 skip=False
Epoch[5] Iter[141/212] loss=1.43974 ret=1.43842 shared=0.06383 decor=0.00526 supports=64 pids=315 skip=False
Epoch[5] Iter[151/212] loss=1.49570 ret=1.49427 shared=0.06738 decor=0.00818 supports=63 pids=315 skip=False
Epoch[5] Iter[161/212] loss=1.52927 ret=1.52797 shared=0.06400 decor=0.00196 supports=62 pids=317 skip=False
Epoch[5] Iter[171/212] loss=1.51261 ret=1.51123 shared=0.06647 decor=0.00501 supports=62 pids=316 skip=False
Epoch[5] Iter[181/212] loss=1.40232 ret=1.40102 shared=0.06334 decor=0.00397 supports=62 pids=315 skip=False
Epoch[5] Iter[191/212] loss=1.51527 ret=1.51401 shared=0.05992 decor=0.00605 supports=64 pids=319 skip=False
Epoch[5] Iter[201/212] loss=1.58379 ret=1.58244 shared=0.06642 decor=0.00272 supports=62 pids=315 skip=False
Epoch[5] Iter[211/212] loss=1.69612 ret=1.69471 shared=0.06784 decor=0.00477 supports=64 pids=317 skip=False
Epoch[5] Iter[212/212] loss=1.59021 ret=1.58871 shared=0.07013 decor=0.00914 supports=59 pids=315 skip=False
VALIDATION 5 {'r1': 72.08509063720703, 'r5': 88.1942138671875, 'r10': 92.17278289794922, 'r_mean': 84.15069580078125, 'mAP': 64.51571655273438} BEST {'r1': 72.26371765136719, 'r5': 88.38908386230469, 'r10': 92.67619323730469, 'r_mean': 84.44299825032552, 'mAP': 65.15359497070312, 'epoch': 1}
COMPLETE validation-only {'r1': 72.26371765136719, 'r5': 88.38908386230469, 'r10': 92.67619323730469, 'r_mean': 84.44299825032552, 'mAP': 65.15359497070312, 'epoch': 1}
