START v004_patch_evidence seed=1 main=caption-pair val-only auxiliary_train_images_only
Epoch[1] Iter[1/212] loss=0.50767 ret=0.50767 shared=0.05820 decor=0.00000 supports=62 pids=314 skip=True
Epoch[1] Iter[11/212] loss=0.46155 ret=0.46053 shared=0.05382 decor=0.02831 supports=64 pids=317 skip=False
Epoch[1] Iter[21/212] loss=0.49033 ret=0.48825 shared=0.05519 decor=0.04764 supports=63 pids=312 skip=False
Epoch[1] Iter[31/212] loss=0.56984 ret=0.56678 shared=0.05409 decor=0.07344 supports=59 pids=314 skip=False
Epoch[1] Iter[41/212] loss=0.61627 ret=0.61209 shared=0.05535 decor=0.09329 supports=60 pids=317 skip=False
Epoch[1] Iter[51/212] loss=0.60855 ret=0.60315 shared=0.05722 decor=0.12941 supports=62 pids=316 skip=False
Epoch[1] Iter[61/212] loss=0.67434 ret=0.66776 shared=0.05811 decor=0.19833 supports=63 pids=317 skip=False
Epoch[1] Iter[71/212] loss=0.71163 ret=0.70381 shared=0.05921 decor=0.24770 supports=58 pids=315 skip=False
Epoch[1] Iter[81/212] loss=0.67338 ret=0.66430 shared=0.06010 decor=0.30606 supports=63 pids=316 skip=False
Epoch[1] Iter[91/212] loss=0.82893 ret=0.81836 shared=0.06225 decor=0.30647 supports=60 pids=314 skip=False
Epoch[1] Iter[101/212] loss=0.71936 ret=0.70683 shared=0.06644 decor=0.29136 supports=62 pids=318 skip=False
Epoch[1] Iter[111/212] loss=0.83731 ret=0.82537 shared=0.05750 decor=0.29039 supports=64 pids=316 skip=False
Epoch[1] Iter[121/212] loss=0.98982 ret=0.97546 shared=0.06342 decor=0.13817 supports=64 pids=316 skip=False
Epoch[1] Iter[131/212] loss=0.95624 ret=0.94124 shared=0.06115 decor=0.05778 supports=62 pids=314 skip=False
Epoch[1] Iter[141/212] loss=1.07839 ret=1.06180 shared=0.06278 decor=0.05771 supports=64 pids=315 skip=False
Epoch[1] Iter[151/212] loss=1.18107 ret=1.16362 shared=0.06168 decor=0.04831 supports=63 pids=315 skip=False
Epoch[1] Iter[161/212] loss=1.11632 ret=1.09760 shared=0.06202 decor=0.02817 supports=62 pids=316 skip=False
Epoch[1] Iter[171/212] loss=1.27379 ret=1.25497 shared=0.05868 decor=0.02624 supports=62 pids=314 skip=False
Epoch[1] Iter[181/212] loss=1.34650 ret=1.32599 shared=0.06038 decor=0.04263 supports=62 pids=316 skip=False
Epoch[1] Iter[191/212] loss=1.35215 ret=1.32970 shared=0.06260 decor=0.04426 supports=63 pids=314 skip=False
Epoch[1] Iter[201/212] loss=1.50796 ret=1.48513 shared=0.06050 decor=0.02413 supports=63 pids=313 skip=False
Epoch[1] Iter[211/212] loss=1.54187 ret=1.51849 shared=0.05899 decor=0.03331 supports=61 pids=318 skip=False
Epoch[1] Iter[212/212] loss=1.65435 ret=1.63271 shared=0.05436 decor=0.03357 supports=61 pids=315 skip=False
VALIDATION 1 {'r1': 72.78337097167969, 'r5': 88.25917053222656, 'r10': 92.46508026123047, 'r_mean': 84.5025405883789, 'mAP': 65.68147277832031} BEST {'r1': 72.78337097167969, 'r5': 88.25917053222656, 'r10': 92.46508026123047, 'r_mean': 84.5025405883789, 'mAP': 65.68147277832031, 'epoch': 1}
Epoch[2] Iter[1/212] loss=1.72940 ret=1.70534 shared=0.06015 decor=0.02357 supports=63 pids=314 skip=False
Epoch[2] Iter[11/212] loss=1.74838 ret=1.72489 shared=0.05871 decor=0.03690 supports=64 pids=315 skip=False
Epoch[2] Iter[21/212] loss=1.70333 ret=1.67998 shared=0.05837 decor=0.02418 supports=64 pids=317 skip=False
Epoch[2] Iter[31/212] loss=1.53223 ret=1.51137 shared=0.05215 decor=0.03840 supports=62 pids=314 skip=False
Epoch[2] Iter[41/212] loss=1.67453 ret=1.65042 shared=0.06028 decor=0.02485 supports=63 pids=314 skip=False
Epoch[2] Iter[51/212] loss=1.68125 ret=1.65771 shared=0.05885 decor=0.01774 supports=63 pids=317 skip=False
Epoch[2] Iter[61/212] loss=1.62274 ret=1.60135 shared=0.05348 decor=0.04018 supports=59 pids=313 skip=False
Epoch[2] Iter[71/212] loss=1.56178 ret=1.53883 shared=0.05738 decor=0.02528 supports=63 pids=316 skip=False
Epoch[2] Iter[81/212] loss=1.59006 ret=1.56980 shared=0.05066 decor=0.02583 supports=63 pids=313 skip=False
Epoch[2] Iter[91/212] loss=1.61620 ret=1.59256 shared=0.05909 decor=0.03531 supports=63 pids=314 skip=False
Epoch[2] Iter[101/212] loss=1.63970 ret=1.61729 shared=0.05604 decor=0.01654 supports=62 pids=313 skip=False
Epoch[2] Iter[111/212] loss=1.63704 ret=1.61531 shared=0.05433 decor=0.02114 supports=63 pids=313 skip=False
Epoch[2] Iter[121/212] loss=1.63386 ret=1.61218 shared=0.05420 decor=0.01279 supports=62 pids=317 skip=False
Epoch[2] Iter[131/212] loss=1.60035 ret=1.57834 shared=0.05502 decor=0.03036 supports=63 pids=310 skip=False
Epoch[2] Iter[141/212] loss=1.63229 ret=1.60853 shared=0.05938 decor=0.03219 supports=62 pids=317 skip=False
Epoch[2] Iter[151/212] loss=1.62845 ret=1.60650 shared=0.05486 decor=0.02669 supports=61 pids=314 skip=False
Epoch[2] Iter[161/212] loss=1.68945 ret=1.66830 shared=0.05286 decor=0.01957 supports=64 pids=314 skip=False
Epoch[2] Iter[171/212] loss=1.68879 ret=1.66687 shared=0.05479 decor=0.01344 supports=61 pids=314 skip=False
Epoch[2] Iter[181/212] loss=1.61512 ret=1.59360 shared=0.05378 decor=0.01258 supports=64 pids=314 skip=False
Epoch[2] Iter[191/212] loss=1.64658 ret=1.62617 shared=0.05099 decor=0.01452 supports=63 pids=313 skip=False
Epoch[2] Iter[201/212] loss=1.61799 ret=1.59797 shared=0.05003 decor=0.02689 supports=64 pids=313 skip=False
Epoch[2] Iter[211/212] loss=1.55437 ret=1.53501 shared=0.04837 decor=0.01592 supports=60 pids=317 skip=False
Epoch[2] Iter[212/212] loss=1.64201 ret=1.62081 shared=0.05301 decor=0.01338 supports=64 pids=319 skip=False
VALIDATION 2 {'r1': 72.65345764160156, 'r5': 88.25917053222656, 'r10': 92.5787582397461, 'r_mean': 84.49712880452473, 'mAP': 65.70984649658203} BEST {'r1': 72.78337097167969, 'r5': 88.25917053222656, 'r10': 92.46508026123047, 'r_mean': 84.5025405883789, 'mAP': 65.68147277832031, 'epoch': 1}
Epoch[3] Iter[1/212] loss=1.54484 ret=1.52397 shared=0.05217 decor=0.02145 supports=62 pids=316 skip=False
Epoch[3] Iter[11/212] loss=1.56632 ret=1.54577 shared=0.05137 decor=0.02314 supports=62 pids=315 skip=False
Epoch[3] Iter[21/212] loss=1.62493 ret=1.60409 shared=0.05207 decor=0.02721 supports=62 pids=314 skip=False
Epoch[3] Iter[31/212] loss=1.56370 ret=1.54375 shared=0.04986 decor=0.01546 supports=63 pids=318 skip=False
Epoch[3] Iter[41/212] loss=1.58826 ret=1.56685 shared=0.05352 decor=0.01067 supports=63 pids=318 skip=False
Epoch[3] Iter[51/212] loss=1.52477 ret=1.50308 shared=0.05424 decor=0.01186 supports=64 pids=315 skip=False
Epoch[3] Iter[61/212] loss=1.51400 ret=1.49124 shared=0.05688 decor=0.01693 supports=64 pids=319 skip=False
Epoch[3] Iter[71/212] loss=1.50106 ret=1.47697 shared=0.06022 decor=0.02117 supports=63 pids=316 skip=False
Epoch[3] Iter[81/212] loss=1.52064 ret=1.50118 shared=0.04862 decor=0.02209 supports=62 pids=319 skip=False
Epoch[3] Iter[91/212] loss=1.55621 ret=1.53618 shared=0.05008 decor=0.01617 supports=62 pids=313 skip=False
Epoch[3] Iter[101/212] loss=1.58795 ret=1.56698 shared=0.05240 decor=0.01710 supports=61 pids=315 skip=False
Epoch[3] Iter[111/212] loss=1.50517 ret=1.48534 shared=0.04956 decor=0.01517 supports=62 pids=319 skip=False
Epoch[3] Iter[121/212] loss=1.57524 ret=1.55474 shared=0.05123 decor=0.02300 supports=63 pids=313 skip=False
Epoch[3] Iter[131/212] loss=1.55975 ret=1.54026 shared=0.04873 decor=0.01532 supports=63 pids=316 skip=False
Epoch[3] Iter[141/212] loss=1.49930 ret=1.48091 shared=0.04597 decor=0.01213 supports=61 pids=312 skip=False
Epoch[3] Iter[151/212] loss=1.47355 ret=1.45505 shared=0.04622 decor=0.01564 supports=62 pids=314 skip=False
Epoch[3] Iter[161/212] loss=1.53095 ret=1.51242 shared=0.04631 decor=0.01662 supports=63 pids=314 skip=False
Epoch[3] Iter[171/212] loss=1.51591 ret=1.49590 shared=0.05001 decor=0.01375 supports=64 pids=316 skip=False
Epoch[3] Iter[181/212] loss=1.43198 ret=1.41219 shared=0.04948 decor=0.02448 supports=64 pids=317 skip=False
Epoch[3] Iter[191/212] loss=1.47757 ret=1.45678 shared=0.05195 decor=0.01427 supports=62 pids=315 skip=False
Epoch[3] Iter[201/212] loss=1.53291 ret=1.51179 shared=0.05278 decor=0.02658 supports=64 pids=317 skip=False
Epoch[3] Iter[211/212] loss=1.43668 ret=1.41609 shared=0.05145 decor=0.01256 supports=60 pids=318 skip=False
Epoch[3] Iter[212/212] loss=1.44436 ret=1.42326 shared=0.05274 decor=0.01745 supports=64 pids=315 skip=False
VALIDATION 3 {'r1': 72.73464965820312, 'r5': 88.21045684814453, 'r10': 92.46508026123047, 'r_mean': 84.47006225585938, 'mAP': 65.61925506591797} BEST {'r1': 72.78337097167969, 'r5': 88.25917053222656, 'r10': 92.46508026123047, 'r_mean': 84.5025405883789, 'mAP': 65.68147277832031, 'epoch': 1}
Epoch[4] Iter[1/212] loss=1.45661 ret=1.43640 shared=0.05051 decor=0.02008 supports=63 pids=319 skip=False
Epoch[4] Iter[11/212] loss=1.46711 ret=1.44805 shared=0.04764 decor=0.01647 supports=61 pids=312 skip=False
Epoch[4] Iter[21/212] loss=1.45945 ret=1.43968 shared=0.04941 decor=0.01951 supports=63 pids=315 skip=False
Epoch[4] Iter[31/212] loss=1.46955 ret=1.44920 shared=0.05086 decor=0.01288 supports=60 pids=315 skip=False
Epoch[4] Iter[41/212] loss=1.46328 ret=1.44357 shared=0.04927 decor=0.01247 supports=64 pids=317 skip=False
Epoch[4] Iter[51/212] loss=1.47686 ret=1.45611 shared=0.05186 decor=0.01900 supports=64 pids=317 skip=False
Epoch[4] Iter[61/212] loss=1.45548 ret=1.43700 shared=0.04616 decor=0.03179 supports=63 pids=317 skip=False
Epoch[4] Iter[71/212] loss=1.43327 ret=1.41295 shared=0.05080 decor=0.02411 supports=64 pids=315 skip=False
Epoch[4] Iter[81/212] loss=1.46990 ret=1.44897 shared=0.05231 decor=0.01746 supports=64 pids=315 skip=False
Epoch[4] Iter[91/212] loss=1.50891 ret=1.49007 shared=0.04710 decor=0.02478 supports=64 pids=315 skip=False
Epoch[4] Iter[101/212] loss=1.53103 ret=1.51113 shared=0.04974 decor=0.03339 supports=63 pids=315 skip=False
Epoch[4] Iter[111/212] loss=1.44593 ret=1.42582 shared=0.05027 decor=0.02401 supports=63 pids=316 skip=False
Epoch[4] Iter[121/212] loss=1.40429 ret=1.38483 shared=0.04865 decor=0.02249 supports=62 pids=315 skip=False
Epoch[4] Iter[131/212] loss=1.46196 ret=1.44168 shared=0.05068 decor=0.02413 supports=60 pids=314 skip=False
Epoch[4] Iter[141/212] loss=1.50622 ret=1.48514 shared=0.05270 decor=0.03126 supports=61 pids=315 skip=False
Epoch[4] Iter[151/212] loss=1.47965 ret=1.46093 shared=0.04679 decor=0.02487 supports=63 pids=317 skip=False
Epoch[4] Iter[161/212] loss=1.52602 ret=1.50544 shared=0.05144 decor=0.02334 supports=63 pids=318 skip=False
Epoch[4] Iter[171/212] loss=1.52646 ret=1.50420 shared=0.05562 decor=0.03184 supports=63 pids=319 skip=False
Epoch[4] Iter[181/212] loss=1.54030 ret=1.52013 shared=0.05040 decor=0.03080 supports=62 pids=310 skip=False
Epoch[4] Iter[191/212] loss=1.52795 ret=1.50766 shared=0.05072 decor=0.03139 supports=62 pids=317 skip=False
Epoch[4] Iter[201/212] loss=1.56603 ret=1.54583 shared=0.05045 decor=0.04583 supports=63 pids=313 skip=False
Epoch[4] Iter[211/212] loss=1.55929 ret=1.54037 shared=0.04727 decor=0.04517 supports=62 pids=319 skip=False
Epoch[4] Iter[212/212] loss=1.54194 ret=1.52177 shared=0.05040 decor=0.04249 supports=61 pids=316 skip=False
VALIDATION 4 {'r1': 72.81584930419922, 'r5': 88.32412719726562, 'r10': 92.54627990722656, 'r_mean': 84.5620854695638, 'mAP': 65.56512451171875} BEST {'r1': 72.81584930419922, 'r5': 88.32412719726562, 'r10': 92.54627990722656, 'r_mean': 84.5620854695638, 'mAP': 65.56512451171875, 'epoch': 4}
Epoch[5] Iter[1/212] loss=1.43120 ret=1.41193 shared=0.04813 decor=0.03881 supports=63 pids=319 skip=False
Epoch[5] Iter[11/212] loss=1.41903 ret=1.40159 shared=0.04358 decor=0.04318 supports=63 pids=318 skip=False
Epoch[5] Iter[21/212] loss=1.46615 ret=1.44775 shared=0.04595 decor=0.03555 supports=62 pids=311 skip=False
Epoch[5] Iter[31/212] loss=1.53039 ret=1.51104 shared=0.04834 decor=0.04038 supports=63 pids=314 skip=False
Epoch[5] Iter[41/212] loss=1.46954 ret=1.44910 shared=0.05106 decor=0.05045 supports=62 pids=316 skip=False
Epoch[5] Iter[51/212] loss=1.44650 ret=1.42659 shared=0.04974 decor=0.04630 supports=63 pids=318 skip=False
Epoch[5] Iter[61/212] loss=1.48865 ret=1.46828 shared=0.05088 decor=0.05308 supports=62 pids=316 skip=False
Epoch[5] Iter[71/212] loss=1.52020 ret=1.49869 shared=0.05372 decor=0.05556 supports=62 pids=317 skip=False
Epoch[5] Iter[81/212] loss=1.64200 ret=1.62332 shared=0.04666 decor=0.05471 supports=58 pids=316 skip=False
Epoch[5] Iter[91/212] loss=1.56102 ret=1.54116 shared=0.04963 decor=0.03391 supports=62 pids=313 skip=False
Epoch[5] Iter[101/212] loss=1.52075 ret=1.50227 shared=0.04617 decor=0.04722 supports=60 pids=316 skip=False
Epoch[5] Iter[111/212] loss=1.56492 ret=1.54421 shared=0.05174 decor=0.05144 supports=64 pids=314 skip=False
Epoch[5] Iter[121/212] loss=1.60696 ret=1.58594 shared=0.05251 decor=0.04538 supports=62 pids=317 skip=False
Epoch[5] Iter[131/212] loss=1.51794 ret=1.49670 shared=0.05306 decor=0.05450 supports=61 pids=319 skip=False
Epoch[5] Iter[141/212] loss=1.55035 ret=1.53055 shared=0.04944 decor=0.05874 supports=64 pids=315 skip=False
Epoch[5] Iter[151/212] loss=1.57302 ret=1.55205 shared=0.05237 decor=0.05870 supports=63 pids=315 skip=False
Epoch[5] Iter[161/212] loss=1.64133 ret=1.62164 shared=0.04920 decor=0.04026 supports=62 pids=317 skip=False
Epoch[5] Iter[171/212] loss=1.61418 ret=1.59359 shared=0.05144 decor=0.04532 supports=62 pids=316 skip=False
Epoch[5] Iter[181/212] loss=1.50228 ret=1.48237 shared=0.04975 decor=0.04605 supports=62 pids=315 skip=False
Epoch[5] Iter[191/212] loss=1.62988 ret=1.61139 shared=0.04619 decor=0.04802 supports=64 pids=319 skip=False
Epoch[5] Iter[201/212] loss=1.71059 ret=1.68986 shared=0.05179 decor=0.05832 supports=62 pids=315 skip=False
Epoch[5] Iter[211/212] loss=1.82804 ret=1.80722 shared=0.05203 decor=0.04977 supports=64 pids=317 skip=False
Epoch[5] Iter[212/212] loss=1.70813 ret=1.68616 shared=0.05487 decor=0.06798 supports=59 pids=315 skip=False
VALIDATION 5 {'r1': 72.75089263916016, 'r5': 88.2754135131836, 'r10': 92.51380157470703, 'r_mean': 84.51336924235027, 'mAP': 65.44048309326172} BEST {'r1': 72.81584930419922, 'r5': 88.32412719726562, 'r10': 92.54627990722656, 'r_mean': 84.5620854695638, 'mAP': 65.56512451171875, 'epoch': 4}
COMPLETE validation-only {'r1': 72.81584930419922, 'r5': 88.32412719726562, 'r10': 92.54627990722656, 'r_mean': 84.5620854695638, 'mAP': 65.56512451171875, 'epoch': 4}
