START v002_balanced_aux seed=1 main=caption-pair val-only auxiliary_train_images_only
Epoch[1] Iter[1/212] loss=0.50767 ret=0.50767 shared=0.05820 decor=0.00000 supports=62 pids=314 skip=True
Epoch[1] Iter[11/212] loss=0.43197 ret=0.43093 shared=0.05477 decor=0.02758 supports=64 pids=317 skip=False
Epoch[1] Iter[21/212] loss=0.40409 ret=0.40188 shared=0.05864 decor=0.03896 supports=63 pids=312 skip=False
Epoch[1] Iter[31/212] loss=0.43846 ret=0.43505 shared=0.06012 decor=0.04287 supports=59 pids=314 skip=False
Epoch[1] Iter[41/212] loss=0.47383 ret=0.46905 shared=0.06326 decor=0.05116 supports=60 pids=317 skip=False
Epoch[1] Iter[51/212] loss=0.49850 ret=0.49239 shared=0.06478 decor=0.05992 supports=62 pids=316 skip=False
Epoch[1] Iter[61/212] loss=0.59503 ret=0.58770 shared=0.06474 decor=0.06116 supports=63 pids=317 skip=False
Epoch[1] Iter[71/212] loss=0.65483 ret=0.64632 shared=0.06441 decor=0.04455 supports=58 pids=315 skip=False
Epoch[1] Iter[81/212] loss=0.63554 ret=0.62567 shared=0.06540 decor=0.03954 supports=63 pids=316 skip=False
Epoch[1] Iter[91/212] loss=0.81037 ret=0.79902 shared=0.06684 decor=0.03654 supports=60 pids=314 skip=False
Epoch[1] Iter[101/212] loss=0.70351 ret=0.69002 shared=0.07154 decor=0.04433 supports=62 pids=318 skip=False
Epoch[1] Iter[111/212] loss=0.83325 ret=0.82064 shared=0.06075 decor=0.05626 supports=64 pids=316 skip=False
Epoch[1] Iter[121/212] loss=1.00369 ret=0.98880 shared=0.06574 decor=0.07872 supports=64 pids=316 skip=False
Epoch[1] Iter[131/212] loss=0.96257 ret=0.94736 shared=0.06198 decor=0.07445 supports=62 pids=314 skip=False
Epoch[1] Iter[141/212] loss=1.08336 ret=1.06702 shared=0.06186 decor=0.09360 supports=64 pids=315 skip=False
Epoch[1] Iter[151/212] loss=1.22526 ret=1.20830 shared=0.05993 decor=0.10276 supports=63 pids=315 skip=False
Epoch[1] Iter[161/212] loss=1.12237 ret=1.10444 shared=0.05941 decor=0.11476 supports=62 pids=316 skip=False
Epoch[1] Iter[171/212] loss=1.31195 ret=1.29439 shared=0.05475 decor=0.10640 supports=62 pids=314 skip=False
Epoch[1] Iter[181/212] loss=1.38023 ret=1.36125 shared=0.05587 decor=0.08281 supports=62 pids=316 skip=False
Epoch[1] Iter[191/212] loss=1.38242 ret=1.36221 shared=0.05635 decor=0.09939 supports=63 pids=314 skip=False
Epoch[1] Iter[201/212] loss=1.56348 ret=1.54350 shared=0.05297 decor=0.11586 supports=63 pids=313 skip=False
Epoch[1] Iter[211/212] loss=1.59222 ret=1.57204 shared=0.05093 decor=0.14187 supports=61 pids=318 skip=False
Epoch[1] Iter[212/212] loss=1.73030 ret=1.71176 shared=0.04657 decor=0.12615 supports=61 pids=315 skip=False
VALIDATION 1 {'r1': 72.32867431640625, 'r5': 88.34037017822266, 'r10': 92.67619323730469, 'r_mean': 84.4484125773112, 'mAP': 65.4154281616211} BEST {'r1': 72.32867431640625, 'r5': 88.34037017822266, 'r10': 92.67619323730469, 'r_mean': 84.4484125773112, 'mAP': 65.4154281616211, 'epoch': 1}
Epoch[2] Iter[1/212] loss=1.77195 ret=1.75134 shared=0.05151 decor=0.12736 supports=63 pids=314 skip=False
Epoch[2] Iter[11/212] loss=1.71525 ret=1.69547 shared=0.04944 decor=0.11814 supports=64 pids=315 skip=False
Epoch[2] Iter[21/212] loss=1.71536 ret=1.69583 shared=0.04882 decor=0.10624 supports=64 pids=317 skip=False
Epoch[2] Iter[31/212] loss=1.51946 ret=1.50231 shared=0.04287 decor=0.11145 supports=62 pids=314 skip=False
Epoch[2] Iter[41/212] loss=1.66563 ret=1.64588 shared=0.04938 decor=0.09513 supports=63 pids=314 skip=False
Epoch[2] Iter[51/212] loss=1.67736 ret=1.65851 shared=0.04711 decor=0.07519 supports=63 pids=317 skip=False
Epoch[2] Iter[61/212] loss=1.61658 ret=1.59965 shared=0.04233 decor=0.08322 supports=59 pids=313 skip=False
Epoch[2] Iter[71/212] loss=1.53798 ret=1.51954 shared=0.04608 decor=0.07297 supports=63 pids=316 skip=False
Epoch[2] Iter[81/212] loss=1.61085 ret=1.59525 shared=0.03900 decor=0.05614 supports=63 pids=313 skip=False
Epoch[2] Iter[91/212] loss=1.60394 ret=1.58591 shared=0.04507 decor=0.03866 supports=63 pids=314 skip=False
Epoch[2] Iter[101/212] loss=1.65825 ret=1.64122 shared=0.04258 decor=0.02789 supports=62 pids=313 skip=False
Epoch[2] Iter[111/212] loss=1.62301 ret=1.60640 shared=0.04153 decor=0.02449 supports=63 pids=313 skip=False
Epoch[2] Iter[121/212] loss=1.59908 ret=1.58267 shared=0.04102 decor=0.02009 supports=62 pids=317 skip=False
Epoch[2] Iter[131/212] loss=1.62940 ret=1.61294 shared=0.04114 decor=0.02230 supports=63 pids=310 skip=False
Epoch[2] Iter[141/212] loss=1.60613 ret=1.58844 shared=0.04423 decor=0.01874 supports=62 pids=317 skip=False
Epoch[2] Iter[151/212] loss=1.62720 ret=1.61080 shared=0.04099 decor=0.01465 supports=61 pids=314 skip=False
Epoch[2] Iter[161/212] loss=1.69985 ret=1.68423 shared=0.03903 decor=0.01218 supports=64 pids=314 skip=False
Epoch[2] Iter[171/212] loss=1.66851 ret=1.65214 shared=0.04092 decor=0.00935 supports=61 pids=314 skip=False
Epoch[2] Iter[181/212] loss=1.61831 ret=1.60292 shared=0.03847 decor=0.00950 supports=64 pids=314 skip=False
Epoch[2] Iter[191/212] loss=1.66563 ret=1.65100 shared=0.03657 decor=0.00768 supports=63 pids=313 skip=False
Epoch[2] Iter[201/212] loss=1.60285 ret=1.58821 shared=0.03658 decor=0.00872 supports=64 pids=313 skip=False
Epoch[2] Iter[211/212] loss=1.51681 ret=1.50272 shared=0.03521 decor=0.00571 supports=60 pids=317 skip=False
Epoch[2] Iter[212/212] loss=1.62795 ret=1.61267 shared=0.03819 decor=0.00416 supports=64 pids=319 skip=False
VALIDATION 2 {'r1': 71.90646362304688, 'r5': 88.16173553466797, 'r10': 92.5949935913086, 'r_mean': 84.22106424967448, 'mAP': 65.15686798095703} BEST {'r1': 72.32867431640625, 'r5': 88.34037017822266, 'r10': 92.67619323730469, 'r_mean': 84.4484125773112, 'mAP': 65.4154281616211, 'epoch': 1}
Epoch[3] Iter[1/212] loss=1.48145 ret=1.46620 shared=0.03812 decor=0.01053 supports=62 pids=316 skip=False
Epoch[3] Iter[11/212] loss=1.51150 ret=1.49695 shared=0.03637 decor=0.00923 supports=62 pids=315 skip=False
Epoch[3] Iter[21/212] loss=1.58889 ret=1.57382 shared=0.03768 decor=0.01090 supports=62 pids=314 skip=False
Epoch[3] Iter[31/212] loss=1.54405 ret=1.52990 shared=0.03538 decor=0.00538 supports=63 pids=318 skip=False
Epoch[3] Iter[41/212] loss=1.50626 ret=1.49061 shared=0.03914 decor=0.00399 supports=63 pids=318 skip=False
Epoch[3] Iter[51/212] loss=1.49906 ret=1.48332 shared=0.03935 decor=0.00810 supports=64 pids=315 skip=False
Epoch[3] Iter[61/212] loss=1.46212 ret=1.44617 shared=0.03989 decor=0.00700 supports=64 pids=319 skip=False
Epoch[3] Iter[71/212] loss=1.45575 ret=1.43899 shared=0.04189 decor=0.01106 supports=63 pids=316 skip=False
Epoch[3] Iter[81/212] loss=1.47865 ret=1.46499 shared=0.03416 decor=0.00965 supports=62 pids=319 skip=False
Epoch[3] Iter[91/212] loss=1.53708 ret=1.52299 shared=0.03521 decor=0.00825 supports=62 pids=313 skip=False
Epoch[3] Iter[101/212] loss=1.53824 ret=1.52364 shared=0.03649 decor=0.00810 supports=61 pids=315 skip=False
Epoch[3] Iter[111/212] loss=1.46885 ret=1.45505 shared=0.03450 decor=0.01003 supports=62 pids=319 skip=False
Epoch[3] Iter[121/212] loss=1.51596 ret=1.50169 shared=0.03568 decor=0.00734 supports=63 pids=313 skip=False
Epoch[3] Iter[131/212] loss=1.52703 ret=1.51346 shared=0.03392 decor=0.00843 supports=63 pids=316 skip=False
Epoch[3] Iter[141/212] loss=1.46880 ret=1.45598 shared=0.03204 decor=0.00404 supports=61 pids=312 skip=False
Epoch[3] Iter[151/212] loss=1.42270 ret=1.40990 shared=0.03200 decor=0.00638 supports=62 pids=314 skip=False
Epoch[3] Iter[161/212] loss=1.51432 ret=1.50156 shared=0.03189 decor=0.00762 supports=63 pids=314 skip=False
Epoch[3] Iter[171/212] loss=1.48862 ret=1.47499 shared=0.03408 decor=0.00328 supports=64 pids=316 skip=False
Epoch[3] Iter[181/212] loss=1.36500 ret=1.35124 shared=0.03438 decor=0.01096 supports=64 pids=317 skip=False
Epoch[3] Iter[191/212] loss=1.46675 ret=1.45288 shared=0.03467 decor=0.00414 supports=62 pids=315 skip=False
Epoch[3] Iter[201/212] loss=1.49048 ret=1.47609 shared=0.03598 decor=0.00857 supports=64 pids=317 skip=False
Epoch[3] Iter[211/212] loss=1.44071 ret=1.42685 shared=0.03463 decor=0.00458 supports=60 pids=318 skip=False
Epoch[3] Iter[212/212] loss=1.42037 ret=1.40626 shared=0.03529 decor=0.00547 supports=64 pids=315 skip=False
VALIDATION 3 {'r1': 72.19876098632812, 'r5': 88.04806518554688, 'r10': 92.33516693115234, 'r_mean': 84.19399770100911, 'mAP': 64.8537368774414} BEST {'r1': 72.32867431640625, 'r5': 88.34037017822266, 'r10': 92.67619323730469, 'r_mean': 84.4484125773112, 'mAP': 65.4154281616211, 'epoch': 1}
Epoch[4] Iter[1/212] loss=1.35465 ret=1.34113 shared=0.03380 decor=0.00674 supports=63 pids=319 skip=False
Epoch[4] Iter[11/212] loss=1.38902 ret=1.37624 shared=0.03195 decor=0.00253 supports=61 pids=312 skip=False
Epoch[4] Iter[21/212] loss=1.37285 ret=1.35951 shared=0.03334 decor=0.00758 supports=63 pids=315 skip=False
Epoch[4] Iter[31/212] loss=1.42147 ret=1.40792 shared=0.03386 decor=0.00545 supports=60 pids=315 skip=False
Epoch[4] Iter[41/212] loss=1.40757 ret=1.39434 shared=0.03306 decor=0.00537 supports=64 pids=317 skip=False
Epoch[4] Iter[51/212] loss=1.43580 ret=1.42186 shared=0.03485 decor=0.00386 supports=64 pids=317 skip=False
Epoch[4] Iter[61/212] loss=1.40095 ret=1.38840 shared=0.03138 decor=0.01007 supports=63 pids=317 skip=False
Epoch[4] Iter[71/212] loss=1.37951 ret=1.36595 shared=0.03389 decor=0.00673 supports=64 pids=315 skip=False
Epoch[4] Iter[81/212] loss=1.43202 ret=1.41805 shared=0.03491 decor=0.00384 supports=64 pids=315 skip=False
Epoch[4] Iter[91/212] loss=1.43379 ret=1.42128 shared=0.03126 decor=0.00820 supports=64 pids=315 skip=False
Epoch[4] Iter[101/212] loss=1.44278 ret=1.42937 shared=0.03352 decor=0.00798 supports=63 pids=315 skip=False
Epoch[4] Iter[111/212] loss=1.42611 ret=1.41287 shared=0.03309 decor=0.00717 supports=63 pids=316 skip=False
Epoch[4] Iter[121/212] loss=1.35616 ret=1.34315 shared=0.03252 decor=0.00222 supports=62 pids=315 skip=False
Epoch[4] Iter[131/212] loss=1.44684 ret=1.43325 shared=0.03397 decor=0.00482 supports=60 pids=314 skip=False
Epoch[4] Iter[141/212] loss=1.44119 ret=1.42719 shared=0.03497 decor=0.00703 supports=61 pids=315 skip=False
Epoch[4] Iter[151/212] loss=1.40888 ret=1.39615 shared=0.03183 decor=0.00570 supports=63 pids=317 skip=False
Epoch[4] Iter[161/212] loss=1.46315 ret=1.44942 shared=0.03431 decor=0.00435 supports=63 pids=318 skip=False
Epoch[4] Iter[171/212] loss=1.48099 ret=1.46629 shared=0.03675 decor=0.00288 supports=63 pids=319 skip=False
Epoch[4] Iter[181/212] loss=1.49708 ret=1.48375 shared=0.03331 decor=0.00533 supports=62 pids=310 skip=False
Epoch[4] Iter[191/212] loss=1.47378 ret=1.46036 shared=0.03355 decor=0.00474 supports=62 pids=317 skip=False
Epoch[4] Iter[201/212] loss=1.50150 ret=1.48793 shared=0.03392 decor=0.00499 supports=63 pids=313 skip=False
Epoch[4] Iter[211/212] loss=1.49660 ret=1.48381 shared=0.03196 decor=0.00768 supports=62 pids=319 skip=False
Epoch[4] Iter[212/212] loss=1.50913 ret=1.49586 shared=0.03317 decor=0.00394 supports=61 pids=316 skip=False
VALIDATION 4 {'r1': 72.24748229980469, 'r5': 88.24293518066406, 'r10': 92.35140991210938, 'r_mean': 84.28060913085938, 'mAP': 64.82188415527344} BEST {'r1': 72.32867431640625, 'r5': 88.34037017822266, 'r10': 92.67619323730469, 'r_mean': 84.4484125773112, 'mAP': 65.4154281616211, 'epoch': 1}
Epoch[5] Iter[1/212] loss=1.38431 ret=1.37135 shared=0.03239 decor=0.00529 supports=63 pids=319 skip=False
Epoch[5] Iter[11/212] loss=1.38910 ret=1.37739 shared=0.02926 decor=0.00481 supports=63 pids=318 skip=False
Epoch[5] Iter[21/212] loss=1.42551 ret=1.41336 shared=0.03037 decor=0.00536 supports=62 pids=311 skip=False
Epoch[5] Iter[31/212] loss=1.46780 ret=1.45491 shared=0.03221 decor=0.00402 supports=63 pids=314 skip=False
Epoch[5] Iter[41/212] loss=1.39175 ret=1.37806 shared=0.03423 decor=0.00742 supports=62 pids=316 skip=False
Epoch[5] Iter[51/212] loss=1.41475 ret=1.40164 shared=0.03275 decor=0.00785 supports=63 pids=318 skip=False
Epoch[5] Iter[61/212] loss=1.45065 ret=1.43713 shared=0.03379 decor=0.00898 supports=62 pids=316 skip=False
Epoch[5] Iter[71/212] loss=1.41370 ret=1.39928 shared=0.03603 decor=0.01028 supports=62 pids=317 skip=False
Epoch[5] Iter[81/212] loss=1.58349 ret=1.57106 shared=0.03107 decor=0.00698 supports=58 pids=316 skip=False
Epoch[5] Iter[91/212] loss=1.49283 ret=1.47971 shared=0.03281 decor=0.00368 supports=62 pids=313 skip=False
Epoch[5] Iter[101/212] loss=1.42510 ret=1.41274 shared=0.03090 decor=0.00432 supports=60 pids=316 skip=False
Epoch[5] Iter[111/212] loss=1.45903 ret=1.44537 shared=0.03416 decor=0.00796 supports=64 pids=314 skip=False
Epoch[5] Iter[121/212] loss=1.53798 ret=1.52408 shared=0.03475 decor=0.00315 supports=62 pids=317 skip=False
Epoch[5] Iter[131/212] loss=1.43175 ret=1.41767 shared=0.03520 decor=0.01212 supports=61 pids=319 skip=False
Epoch[5] Iter[141/212] loss=1.46215 ret=1.44904 shared=0.03276 decor=0.00844 supports=64 pids=315 skip=False
Epoch[5] Iter[151/212] loss=1.51884 ret=1.50496 shared=0.03468 decor=0.01050 supports=63 pids=315 skip=False
Epoch[5] Iter[161/212] loss=1.55302 ret=1.53991 shared=0.03277 decor=0.00466 supports=62 pids=317 skip=False
Epoch[5] Iter[171/212] loss=1.53111 ret=1.51750 shared=0.03403 decor=0.00669 supports=62 pids=316 skip=False
Epoch[5] Iter[181/212] loss=1.42481 ret=1.41167 shared=0.03286 decor=0.00613 supports=62 pids=315 skip=False
Epoch[5] Iter[191/212] loss=1.53981 ret=1.52753 shared=0.03069 decor=0.00871 supports=64 pids=319 skip=False
Epoch[5] Iter[201/212] loss=1.60913 ret=1.59564 shared=0.03374 decor=0.00644 supports=62 pids=315 skip=False
Epoch[5] Iter[211/212] loss=1.71684 ret=1.70301 shared=0.03456 decor=0.00852 supports=64 pids=317 skip=False
Epoch[5] Iter[212/212] loss=1.60793 ret=1.59356 shared=0.03593 decor=0.01356 supports=59 pids=315 skip=False
VALIDATION 5 {'r1': 72.18252563476562, 'r5': 88.37284851074219, 'r10': 92.17278289794922, 'r_mean': 84.24271901448567, 'mAP': 64.83832550048828} BEST {'r1': 72.32867431640625, 'r5': 88.34037017822266, 'r10': 92.67619323730469, 'r_mean': 84.4484125773112, 'mAP': 65.4154281616211, 'epoch': 1}
COMPLETE validation-only {'r1': 72.32867431640625, 'r5': 88.34037017822266, 'r10': 92.67619323730469, 'r_mean': 84.4484125773112, 'mAP': 65.4154281616211, 'epoch': 1}
