START v003_expert_focused seed=1 main=caption-pair val-only auxiliary_train_images_only
Epoch[1] Iter[1/212] loss=0.50767 ret=0.50767 shared=0.05820 decor=0.00000 supports=62 pids=314 skip=True
Epoch[1] Iter[11/212] loss=0.46154 ret=0.46052 shared=0.05382 decor=0.02767 supports=64 pids=317 skip=False
Epoch[1] Iter[21/212] loss=0.49028 ret=0.48819 shared=0.05518 decor=0.04951 supports=63 pids=312 skip=False
Epoch[1] Iter[31/212] loss=0.57009 ret=0.56703 shared=0.05409 decor=0.07590 supports=59 pids=314 skip=False
Epoch[1] Iter[41/212] loss=0.61667 ret=0.61249 shared=0.05535 decor=0.09446 supports=60 pids=317 skip=False
Epoch[1] Iter[51/212] loss=0.60999 ret=0.60459 shared=0.05722 decor=0.12472 supports=62 pids=316 skip=False
Epoch[1] Iter[61/212] loss=0.67578 ret=0.66920 shared=0.05812 decor=0.18274 supports=63 pids=317 skip=False
Epoch[1] Iter[71/212] loss=0.71269 ret=0.70487 shared=0.05922 decor=0.22682 supports=58 pids=315 skip=False
Epoch[1] Iter[81/212] loss=0.67384 ret=0.66477 shared=0.06013 decor=0.28887 supports=63 pids=316 skip=False
Epoch[1] Iter[91/212] loss=0.82859 ret=0.81802 shared=0.06229 decor=0.29471 supports=60 pids=314 skip=False
Epoch[1] Iter[101/212] loss=0.71665 ret=0.70410 shared=0.06647 decor=0.27544 supports=62 pids=318 skip=False
Epoch[1] Iter[111/212] loss=0.83374 ret=0.82180 shared=0.05752 decor=0.28198 supports=64 pids=316 skip=False
Epoch[1] Iter[121/212] loss=0.98497 ret=0.97061 shared=0.06341 decor=0.20068 supports=64 pids=316 skip=False
Epoch[1] Iter[131/212] loss=0.95446 ret=0.93947 shared=0.06110 decor=0.13356 supports=62 pids=314 skip=False
Epoch[1] Iter[141/212] loss=1.08044 ret=1.06388 shared=0.06270 decor=0.06838 supports=64 pids=315 skip=False
Epoch[1] Iter[151/212] loss=1.18260 ret=1.16517 shared=0.06161 decor=0.04092 supports=63 pids=315 skip=False
Epoch[1] Iter[161/212] loss=1.11703 ret=1.09832 shared=0.06197 decor=0.04080 supports=62 pids=316 skip=False
Epoch[1] Iter[171/212] loss=1.27444 ret=1.25563 shared=0.05864 decor=0.03140 supports=62 pids=314 skip=False
Epoch[1] Iter[181/212] loss=1.34631 ret=1.32581 shared=0.06035 decor=0.02970 supports=62 pids=316 skip=False
Epoch[1] Iter[191/212] loss=1.35263 ret=1.33020 shared=0.06258 decor=0.02602 supports=63 pids=314 skip=False
Epoch[1] Iter[201/212] loss=1.50873 ret=1.48590 shared=0.06050 decor=0.02546 supports=63 pids=313 skip=False
Epoch[1] Iter[211/212] loss=1.54090 ret=1.51752 shared=0.05899 decor=0.02774 supports=61 pids=318 skip=False
Epoch[1] Iter[212/212] loss=1.65319 ret=1.63155 shared=0.05436 decor=0.02963 supports=61 pids=315 skip=False
VALIDATION 1 {'r1': 72.76712799072266, 'r5': 88.25917053222656, 'r10': 92.51380157470703, 'r_mean': 84.51336669921875, 'mAP': 65.69627380371094} BEST {'r1': 72.76712799072266, 'r5': 88.25917053222656, 'r10': 92.51380157470703, 'r_mean': 84.51336669921875, 'mAP': 65.69627380371094, 'epoch': 1}
Epoch[2] Iter[1/212] loss=1.72876 ret=1.70471 shared=0.06014 decor=0.02560 supports=63 pids=314 skip=False
Epoch[2] Iter[11/212] loss=1.74802 ret=1.72454 shared=0.05870 decor=0.03606 supports=64 pids=315 skip=False
Epoch[2] Iter[21/212] loss=1.70401 ret=1.68069 shared=0.05832 decor=0.02929 supports=64 pids=317 skip=False
Epoch[2] Iter[31/212] loss=1.53311 ret=1.51226 shared=0.05214 decor=0.03694 supports=62 pids=314 skip=False
Epoch[2] Iter[41/212] loss=1.67322 ret=1.64911 shared=0.06029 decor=0.02027 supports=63 pids=314 skip=False
Epoch[2] Iter[51/212] loss=1.68070 ret=1.65715 shared=0.05886 decor=0.02196 supports=63 pids=317 skip=False
Epoch[2] Iter[61/212] loss=1.62340 ret=1.60200 shared=0.05350 decor=0.04373 supports=59 pids=313 skip=False
Epoch[2] Iter[71/212] loss=1.56158 ret=1.53862 shared=0.05737 decor=0.03483 supports=63 pids=316 skip=False
Epoch[2] Iter[81/212] loss=1.58883 ret=1.56856 shared=0.05066 decor=0.02452 supports=63 pids=313 skip=False
Epoch[2] Iter[91/212] loss=1.61613 ret=1.59250 shared=0.05907 decor=0.02538 supports=63 pids=314 skip=False
Epoch[2] Iter[101/212] loss=1.64087 ret=1.61846 shared=0.05602 decor=0.01790 supports=62 pids=313 skip=False
Epoch[2] Iter[111/212] loss=1.63738 ret=1.61565 shared=0.05431 decor=0.01616 supports=63 pids=313 skip=False
Epoch[2] Iter[121/212] loss=1.63348 ret=1.61179 shared=0.05421 decor=0.01177 supports=62 pids=317 skip=False
Epoch[2] Iter[131/212] loss=1.60033 ret=1.57833 shared=0.05501 decor=0.01979 supports=63 pids=310 skip=False
Epoch[2] Iter[141/212] loss=1.63242 ret=1.60866 shared=0.05938 decor=0.02547 supports=62 pids=317 skip=False
Epoch[2] Iter[151/212] loss=1.62960 ret=1.60766 shared=0.05485 decor=0.02389 supports=61 pids=314 skip=False
Epoch[2] Iter[161/212] loss=1.68869 ret=1.66754 shared=0.05287 decor=0.01351 supports=64 pids=314 skip=False
Epoch[2] Iter[171/212] loss=1.68619 ret=1.66427 shared=0.05480 decor=0.01462 supports=61 pids=314 skip=False
Epoch[2] Iter[181/212] loss=1.61395 ret=1.59243 shared=0.05378 decor=0.02035 supports=64 pids=314 skip=False
Epoch[2] Iter[191/212] loss=1.64732 ret=1.62693 shared=0.05095 decor=0.01995 supports=63 pids=313 skip=False
Epoch[2] Iter[201/212] loss=1.61959 ret=1.59958 shared=0.04999 decor=0.02557 supports=64 pids=313 skip=False
Epoch[2] Iter[211/212] loss=1.55412 ret=1.53476 shared=0.04838 decor=0.01418 supports=60 pids=317 skip=False
Epoch[2] Iter[212/212] loss=1.64229 ret=1.62109 shared=0.05299 decor=0.01398 supports=64 pids=319 skip=False
VALIDATION 2 {'r1': 72.52354431152344, 'r5': 88.2916488647461, 'r10': 92.56251525878906, 'r_mean': 84.45923614501953, 'mAP': 65.66107940673828} BEST {'r1': 72.76712799072266, 'r5': 88.25917053222656, 'r10': 92.51380157470703, 'r_mean': 84.51336669921875, 'mAP': 65.69627380371094, 'epoch': 1}
Epoch[3] Iter[1/212] loss=1.54348 ret=1.52261 shared=0.05217 decor=0.01895 supports=62 pids=316 skip=False
Epoch[3] Iter[11/212] loss=1.56504 ret=1.54450 shared=0.05136 decor=0.01714 supports=62 pids=315 skip=False
Epoch[3] Iter[21/212] loss=1.62475 ret=1.60392 shared=0.05206 decor=0.02853 supports=62 pids=314 skip=False
Epoch[3] Iter[31/212] loss=1.56346 ret=1.54353 shared=0.04982 decor=0.01653 supports=63 pids=318 skip=False
Epoch[3] Iter[41/212] loss=1.58671 ret=1.56532 shared=0.05349 decor=0.01185 supports=63 pids=318 skip=False
Epoch[3] Iter[51/212] loss=1.52470 ret=1.50301 shared=0.05421 decor=0.01262 supports=64 pids=315 skip=False
Epoch[3] Iter[61/212] loss=1.51390 ret=1.49115 shared=0.05687 decor=0.01793 supports=64 pids=319 skip=False
Epoch[3] Iter[71/212] loss=1.50209 ret=1.47800 shared=0.06021 decor=0.01769 supports=63 pids=316 skip=False
Epoch[3] Iter[81/212] loss=1.52036 ret=1.50090 shared=0.04863 decor=0.01967 supports=62 pids=319 skip=False
Epoch[3] Iter[91/212] loss=1.55580 ret=1.53577 shared=0.05008 decor=0.01190 supports=62 pids=313 skip=False
Epoch[3] Iter[101/212] loss=1.58559 ret=1.56461 shared=0.05243 decor=0.01393 supports=61 pids=315 skip=False
Epoch[3] Iter[111/212] loss=1.50392 ret=1.48409 shared=0.04958 decor=0.01553 supports=62 pids=319 skip=False
Epoch[3] Iter[121/212] loss=1.57439 ret=1.55389 shared=0.05124 decor=0.02322 supports=63 pids=313 skip=False
Epoch[3] Iter[131/212] loss=1.55996 ret=1.54045 shared=0.04876 decor=0.01598 supports=63 pids=316 skip=False
Epoch[3] Iter[141/212] loss=1.49955 ret=1.48114 shared=0.04600 decor=0.01044 supports=61 pids=312 skip=False
Epoch[3] Iter[151/212] loss=1.47458 ret=1.45608 shared=0.04623 decor=0.01443 supports=62 pids=314 skip=False
Epoch[3] Iter[161/212] loss=1.52997 ret=1.51145 shared=0.04631 decor=0.01505 supports=63 pids=314 skip=False
Epoch[3] Iter[171/212] loss=1.51507 ret=1.49505 shared=0.05005 decor=0.01352 supports=64 pids=316 skip=False
Epoch[3] Iter[181/212] loss=1.43168 ret=1.41187 shared=0.04951 decor=0.01994 supports=64 pids=317 skip=False
Epoch[3] Iter[191/212] loss=1.47773 ret=1.45693 shared=0.05197 decor=0.01338 supports=62 pids=315 skip=False
Epoch[3] Iter[201/212] loss=1.53193 ret=1.51081 shared=0.05279 decor=0.02476 supports=64 pids=317 skip=False
Epoch[3] Iter[211/212] loss=1.43704 ret=1.41645 shared=0.05148 decor=0.01178 supports=60 pids=318 skip=False
Epoch[3] Iter[212/212] loss=1.44484 ret=1.42373 shared=0.05276 decor=0.01552 supports=64 pids=315 skip=False
VALIDATION 3 {'r1': 72.66969299316406, 'r5': 88.25917053222656, 'r10': 92.3838882446289, 'r_mean': 84.43758392333984, 'mAP': 65.6044921875} BEST {'r1': 72.76712799072266, 'r5': 88.25917053222656, 'r10': 92.51380157470703, 'r_mean': 84.51336669921875, 'mAP': 65.69627380371094, 'epoch': 1}
Epoch[4] Iter[1/212] loss=1.45625 ret=1.43605 shared=0.05050 decor=0.01907 supports=63 pids=319 skip=False
Epoch[4] Iter[11/212] loss=1.46425 ret=1.44519 shared=0.04765 decor=0.01547 supports=61 pids=312 skip=False
Epoch[4] Iter[21/212] loss=1.45740 ret=1.43762 shared=0.04943 decor=0.02103 supports=63 pids=315 skip=False
Epoch[4] Iter[31/212] loss=1.46604 ret=1.44569 shared=0.05087 decor=0.01291 supports=60 pids=315 skip=False
Epoch[4] Iter[41/212] loss=1.46133 ret=1.44161 shared=0.04929 decor=0.01215 supports=64 pids=317 skip=False
Epoch[4] Iter[51/212] loss=1.47787 ret=1.45712 shared=0.05187 decor=0.01716 supports=64 pids=317 skip=False
Epoch[4] Iter[61/212] loss=1.45381 ret=1.43533 shared=0.04616 decor=0.02689 supports=63 pids=317 skip=False
Epoch[4] Iter[71/212] loss=1.43116 ret=1.41082 shared=0.05082 decor=0.02189 supports=64 pids=315 skip=False
Epoch[4] Iter[81/212] loss=1.46801 ret=1.44707 shared=0.05235 decor=0.01846 supports=64 pids=315 skip=False
Epoch[4] Iter[91/212] loss=1.50520 ret=1.48634 shared=0.04714 decor=0.02183 supports=64 pids=315 skip=False
Epoch[4] Iter[101/212] loss=1.53023 ret=1.51032 shared=0.04975 decor=0.02650 supports=63 pids=315 skip=False
Epoch[4] Iter[111/212] loss=1.44427 ret=1.42415 shared=0.05027 decor=0.02358 supports=63 pids=316 skip=False
Epoch[4] Iter[121/212] loss=1.40298 ret=1.38351 shared=0.04866 decor=0.02075 supports=62 pids=315 skip=False
Epoch[4] Iter[131/212] loss=1.45959 ret=1.43931 shared=0.05068 decor=0.02345 supports=60 pids=314 skip=False
Epoch[4] Iter[141/212] loss=1.50493 ret=1.48383 shared=0.05273 decor=0.02919 supports=61 pids=315 skip=False
Epoch[4] Iter[151/212] loss=1.47793 ret=1.45921 shared=0.04678 decor=0.02465 supports=63 pids=317 skip=False
Epoch[4] Iter[161/212] loss=1.52453 ret=1.50395 shared=0.05144 decor=0.02216 supports=63 pids=318 skip=False
Epoch[4] Iter[171/212] loss=1.52602 ret=1.50377 shared=0.05562 decor=0.02827 supports=63 pids=319 skip=False
Epoch[4] Iter[181/212] loss=1.53804 ret=1.51787 shared=0.05039 decor=0.02817 supports=62 pids=310 skip=False
Epoch[4] Iter[191/212] loss=1.52775 ret=1.50744 shared=0.05073 decor=0.02742 supports=62 pids=317 skip=False
Epoch[4] Iter[201/212] loss=1.56462 ret=1.54444 shared=0.05043 decor=0.03820 supports=63 pids=313 skip=False
Epoch[4] Iter[211/212] loss=1.55601 ret=1.53708 shared=0.04728 decor=0.03705 supports=62 pids=319 skip=False
Epoch[4] Iter[212/212] loss=1.54161 ret=1.52144 shared=0.05038 decor=0.03475 supports=61 pids=316 skip=False
VALIDATION 4 {'r1': 72.62097930908203, 'r5': 88.25917053222656, 'r10': 92.46508026123047, 'r_mean': 84.44841003417969, 'mAP': 65.52947235107422} BEST {'r1': 72.76712799072266, 'r5': 88.25917053222656, 'r10': 92.51380157470703, 'r_mean': 84.51336669921875, 'mAP': 65.69627380371094, 'epoch': 1}
Epoch[5] Iter[1/212] loss=1.43053 ret=1.41128 shared=0.04811 decor=0.03197 supports=63 pids=319 skip=False
Epoch[5] Iter[11/212] loss=1.41677 ret=1.39933 shared=0.04356 decor=0.03837 supports=63 pids=318 skip=False
Epoch[5] Iter[21/212] loss=1.46454 ret=1.44615 shared=0.04593 decor=0.03238 supports=62 pids=311 skip=False
Epoch[5] Iter[31/212] loss=1.53011 ret=1.51078 shared=0.04831 decor=0.03502 supports=63 pids=314 skip=False
Epoch[5] Iter[41/212] loss=1.46909 ret=1.44866 shared=0.05104 decor=0.04132 supports=62 pids=316 skip=False
Epoch[5] Iter[51/212] loss=1.44651 ret=1.42659 shared=0.04977 decor=0.04148 supports=63 pids=318 skip=False
Epoch[5] Iter[61/212] loss=1.48707 ret=1.46670 shared=0.05088 decor=0.04457 supports=62 pids=316 skip=False
Epoch[5] Iter[71/212] loss=1.51818 ret=1.49668 shared=0.05371 decor=0.04952 supports=62 pids=317 skip=False
Epoch[5] Iter[81/212] loss=1.64074 ret=1.62207 shared=0.04664 decor=0.04938 supports=58 pids=316 skip=False
Epoch[5] Iter[91/212] loss=1.55893 ret=1.53907 shared=0.04962 decor=0.02956 supports=62 pids=313 skip=False
Epoch[5] Iter[101/212] loss=1.52079 ret=1.50232 shared=0.04616 decor=0.04375 supports=60 pids=316 skip=False
Epoch[5] Iter[111/212] loss=1.56313 ret=1.54242 shared=0.05174 decor=0.04777 supports=64 pids=314 skip=False
Epoch[5] Iter[121/212] loss=1.60385 ret=1.58283 shared=0.05252 decor=0.04110 supports=62 pids=317 skip=False
Epoch[5] Iter[131/212] loss=1.51570 ret=1.49446 shared=0.05307 decor=0.05176 supports=61 pids=319 skip=False
Epoch[5] Iter[141/212] loss=1.54670 ret=1.52692 shared=0.04942 decor=0.05438 supports=64 pids=315 skip=False
Epoch[5] Iter[151/212] loss=1.56994 ret=1.54898 shared=0.05235 decor=0.05120 supports=63 pids=315 skip=False
Epoch[5] Iter[161/212] loss=1.64000 ret=1.62031 shared=0.04920 decor=0.03503 supports=62 pids=317 skip=False
Epoch[5] Iter[171/212] loss=1.61211 ret=1.59153 shared=0.05142 decor=0.03957 supports=62 pids=316 skip=False
Epoch[5] Iter[181/212] loss=1.50045 ret=1.48054 shared=0.04974 decor=0.04265 supports=62 pids=315 skip=False
Epoch[5] Iter[191/212] loss=1.62732 ret=1.60883 shared=0.04621 decor=0.04536 supports=64 pids=319 skip=False
Epoch[5] Iter[201/212] loss=1.70808 ret=1.68735 shared=0.05178 decor=0.05059 supports=62 pids=315 skip=False
Epoch[5] Iter[211/212] loss=1.82708 ret=1.80625 shared=0.05203 decor=0.04953 supports=64 pids=317 skip=False
Epoch[5] Iter[212/212] loss=1.70565 ret=1.68368 shared=0.05488 decor=0.06134 supports=59 pids=315 skip=False
VALIDATION 5 {'r1': 72.55602264404297, 'r5': 88.22669219970703, 'r10': 92.4001235961914, 'r_mean': 84.39427947998047, 'mAP': 65.41902923583984} BEST {'r1': 72.76712799072266, 'r5': 88.25917053222656, 'r10': 92.51380157470703, 'r_mean': 84.51336669921875, 'mAP': 65.69627380371094, 'epoch': 1}
COMPLETE validation-only {'r1': 72.76712799072266, 'r5': 88.25917053222656, 'r10': 92.51380157470703, 'r_mean': 84.51336669921875, 'mAP': 65.69627380371094, 'epoch': 1}
